../Core/Src/lcd_16x2.c:30:6:Lcd_Init	8	static
../Core/Src/lcd_16x2.c:46:6:Lcd_write_int	32	static
../Core/Src/lcd_16x2.c:59:6:Lcd_write_string	32	static
../Core/Src/lcd_16x2.c:74:6:Lcd_clear_display	8	static
../Core/Src/lcd_16x2.c:86:6:Lcd_create_custom_char	24	static
../Core/Src/lcd_16x2.c:110:6:Lcd_gotoxy	16	static
../Core/Src/lcd_16x2.c:130:6:Lcd_write_custom_char	16	static
../Core/Src/lcd_16x2.c:144:6:Lcd_clear_xy	16	static
../Core/Src/lcd_16x2.c:156:6:Lcd_display_menu	8	static
../Core/Src/lcd_16x2.c:175:6:Lcd_display	16	static
../Core/Src/lcd_16x2.c:216:7:Lcd_configure	40	static
../Core/Src/lcd_16x2.c:282:6:lcd_write_command	16	static
../Core/Src/lcd_16x2.c:291:6:lcd_write_data	16	static
../Core/Src/lcd_16x2.c:300:6:lcd_write	24	static
