../Core/Src/main.c:88:5:main	16	static
../Core/Src/main.c:167:6:SystemClock_Config	88	static
../Core/Src/main.c:211:13:MX_ADC1_Init	24	static
../Core/Src/main.c:258:13:MX_TIM2_Init	48	static
../Core/Src/main.c:307:13:MX_TIM3_Init	56	static
../Core/Src/main.c:356:13:MX_TIM4_Init	32	static
../Core/Src/main.c:401:13:MX_USART1_UART_Init	8	static
../Core/Src/main.c:433:13:MX_GPIO_Init	40	static
../Core/Src/main.c:483:6:HAL_GPIO_EXTI_Callback	16	static
../Core/Src/main.c:507:5:__io_putchar	16	static
../Core/Src/main.c:521:6:Error_Handler	4	static,ignoring_inline_asm
